// Jest Snapshot v1, https://goo.gl/fbAQLP

exports[`Box Component allows hacking sizes 1`] = `
.emotion-0 {
  display: -webkit-box;
  display: -webkit-flex;
  display: -ms-flexbox;
  display: flex;
  box-sizing: border-box;
  outline: none;
  max-width: 100%;
  padding-top: 103px;
  margin-top: .5rem;
}

<div
  className="emotion-0"
>
  l
</div>
`;

exports[`Box Component renders and matches snapshot 1`] = `
.emotion-0 {
  display: -webkit-box;
  display: -webkit-flex;
  display: -ms-flexbox;
  display: flex;
  box-sizing: border-box;
  outline: none;
  -webkit-align-items: stretch;
  -webkit-box-align: stretch;
  -ms-flex-align: stretch;
  align-items: stretch;
  -webkit-align-content: flex-end;
  -ms-flex-line-pack: flex-end;
  align-content: flex-end;
  min-width: 0;
  min-height: 0;
  -webkit-flex-direction: column;
  -ms-flex-direction: column;
  flex-direction: column;
  flex-basis:50% justify-content: space-evenly;
  gap: .8rem;
  min-height: 20%;
  max-width: 80%;
  height: 100%;
  -webkit-box-flex-wrap: wrap;
  -webkit-flex-wrap: wrap;
  -ms-flex-wrap: wrap;
  flex-wrap: wrap;
  padding: 1rem;
  margin: .2rem;
}

<div
  className="a-box-for-testing emotion-0"
  id="1"
>
  A test
</div>
`;
